1729663636767:run
1729663698168:manage-users
1729663750474:manage-users view
1729663826081:login existinguser newpassword
1729663875606:l
1729663881186:gnln
1729663887289:i
1729663888985:oio eq
1729753595083:manage-sensor view rt2394r8u4
1729753601605:manage-sensor view 123
1729753626267:login admin 1234
1729753675083:login admin password123
1729753724544:manage-sensor view 1
1729753866448:login admin password123
1729753880970:manage-sensor view 1
1729758842274:login admin password123
1729758847031:help
1729758853878:logout
1729758863573:view-logs
1729758891250:login admin password123
1729758893860:view-logs
1729761247925:help
1729761329482:login admin password123
1729761340447:help
1729761506489:login admin password123
1729761509656:htlp
1729761512016:help
1729761520687:view-logs
1729762107924:login admin password123
1729762112854:view-logs
1729762684007:login admin password123
1729762688589:view-logs
1729762695057:help
1729762704430:manage-users
1729762722075:stacktrace
1729762728427:clear
1729762739017:help
1729762749188:version
1729762753122:script
1729762757625:quit
1729762792867:view-logs
1729762799043:login admin password123
1729762806076:history
1729762818663:help
1729763935766:login admin password123
1729763938220:help
1729764029189:help view-logs
1729764418175:quit
1729764434516:hrlp
1729764437060:help
1729764844024:quit
1729764909251:help
1729765112557:quit
1729765124663:help
1729765130099:login admin password123
1729765133218:help
1729765141249:help view-logs
1729765152225:view-logs --help
1729765163352:logout --help
1729765399773:quit
1729765428869:help
1729765441716:login admin password123
1729765444006:help
1729765525802:quit
1729765542596:help
1729765572641:quit
1729765584868:login
1729765591020:login admin password123
1729765595224:view-logs
1729765597766:quit
1729767896117:htlp
1729767898897:help
1729767914315:login admin password123
1729768023588:help
1729768032811:manage-users
1729768172763:manage-users view
1729768179864:manage-users view admin
1729768324201:manage-users --help
1729769750130:logout
1729769762863:quit
1729769993227:help
1729770009851:view-logs
1729770033936:login admin password123
1729770037143:help
1729770042649:view-logs
1729770052389:manage-user
1729770057109:manage-users
1729770068748:manage users view admin
1729770074280:manage-users view admin
1729770126523:manage-users create
1729770281922:manage-users create test_user testuser1234
1729770395810:quit
1729951509040:help
1729951516833:login admin password123
1729951520282:help
1729951526769:logout
1729951538499:login admin password123
1729951555663:manage-users -help
1729951589741:manage-sensor
1729951595261:manage-sensor view
1729951599411:manage-sensor view 1
1729951611456:manage-sensor -h
1730036278791:quit
1730036307637:login admin password123
1730036319580:manage-sensor view 1
1730036329805:help
1730036341118:manage-users -h
1730036399148:manage-users view john_doe
1730036662494:quit
1730036684870:login admin password123
1730036688940:manage-users view john_doe
1730037258193:manage-users -h
1730037305488:manage-users create test_user_ii passuserii
1730037328137:manage-users create test_adminuser_ii passadminuserii true
1730037364684:logout
1730037383252:login test_adminuser_ii passadminuserli
1730038346254:quit
1730038363046:login admin password123
1730038630221:help
1730038663664:quit
1730039010219:login admin password123
1730039016098:manage-user-h
1730039020327:manage-users -h
1730039047897:manage-users delete john_doe
1730039064641:manage-users delete jane_smith
1730039072703:manage-users delete test_user
1730039081073:manage-users delete test_user_ii
1730039089320:manage-users delete test_adminuser_ii
1730039092134:manage-users delete test_adminuser_i
1730039127942:manage-users create admin_user password123
1730039155121:logout
1730039169218:login new_admin_user password123
1730039185882:quit
1730039207469:login admin_user password123
1730039231815:login admin password123
1730039291130:quit
1730039312818:login admin password123
1730039322783:manage-user -h
1730039326441:manage-users -h
1730039354306:manage-users admin_user --isAdmin=true
1730039360852:manage-users admin_user --isAdmin = true
1730039365507:manage-users admin_user --isAdmin true
1730039385257:manage-users admin_user true
1730039392937:manage-users admin_user password123 true
1730039416746:manage-users delete admin_user
1730039436799:manage-users create admin_user password123 true
1730039442698:logout
1730039444180:quit
1730039485574:login admin_user password123
1730039495804:help
1730039509493:manage-sensor
1730039513050:manage-sensor 1
1730039516562:manage-sensor -h
1730039522429:manage-sensor view 1
1730039535818:view-logs
1730039696331:quit
1730159562274:help
1730159574896:login admin_user password123
1730159577706:help
1730159581263:view-logs
1730159766894:quit
1730159811449:help
1730159820659:login admin_user password123
1730159824418:view-logs
1730159836299:help
